<html>
<body>
<pre>
<h1>µVision Build Log</h1>
<h2>Tool Versions:</h2>
IDE-Version: µVision V5.24.2.0
Copyright (C) 2017 ARM Ltd and ARM Germany GmbH. All rights reserved.
License Information: rahul mahajan, pipiih, LIC=X96DY-I6KI9-SBYEJ-UGAGM-TA5NW-0PD2S
 
Tool Versions:
Toolchain:       MDK-ARM Plus  Version: 5.24.1
Toolchain Path:  C:\Keil_v5\ARM\ARMCC\Bin
C Compiler:      Armcc.exe V5.06 update 5 (build 528)
Assembler:       Armasm.exe V5.06 update 5 (build 528)
Linker/Locator:  ArmLink.exe V5.06 update 5 (build 528)
Library Manager: ArmAr.exe V5.06 update 5 (build 528)
Hex Converter:   FromElf.exe V5.06 update 5 (build 528)
CPU DLL:         
Dialog DLL:      
Target DLL:      Segger\JL2CM3.dll V2.99.26.0
Dialog DLL:      TCM.DLL V1.32.0.0
 
<h2>Project:</h2>
C:\nRF5_SDK_15.0.0_a53641a\nRF5_SDK_15.0.0_a53641a\examples\peripheral\flashwrite\pca10040\blank\arm5_no_packs\flashwrite_pca10040.uvprojx
Project File Date:  08/13/2018

<h2>Output:</h2>
*** Using Compiler 'V5.06 update 5 (build 528)', folder: 'C:\Keil_v5\ARM\ARMCC\Bin'
Rebuild target 'nrf52832_xxaa'
compiling nrf_soc.c...
compiling nrf_nvic.c...
compiling nrf_nvmc.c...
compiling nrf_drv_uart.c...
compiling boards.c...
compiling nrf_drv_clock.c...
compiling main.c...
compiling app_error.c...
compiling nrfx_clock.c...
compiling nrfx_power_clock.c...
compiling nrfx_prs.c...
compiling app_error_handler_keil.c...
compiling nrfx_uart.c...
compiling nrfx_uarte.c...
compiling fnmatch.c...
compiling app_util_platform.c...
compiling app_error_weak.c...
compiling nrf_assert.c...
compiling nrf_atomic.c...
compiling app_scheduler.c...
compiling nrf_balloc.c...
compiling app_timer.c...
compiling nrf_fprintf.c...
compiling nrf_fprintf_format.c...
compiling nrf_memobj.c...
compiling nrf_queue.c...
compiling nrf_cli_uart.c...
compiling nrf_pwr_mgmt.c...
compiling nrf_section_iter.c...
compiling nrf_ringbuf.c...
compiling nrf_strerror.c...
compiling nrf_cli.c...
compiling nrf_log_backend_rtt.c...
compiling nrf_log_backend_serial.c...
compiling nrf_log_backend_uart.c...
assembling arm_startup_nrf52.s...
compiling nrf_log_default_backends.c...
compiling nrf_log_str_formatter.c...
compiling SEGGER_RTT.c...
compiling SEGGER_RTT_Syscalls_KEIL.c...
compiling nrf_log_frontend.c...
compiling SEGGER_RTT_printf.c...
compiling system_nrf52.c...
linking...
Program Size: Code=23620 RO-data=3976 RW-data=408 ZI-data=10768  
FromELF: creating hex file...
".\_build\nrf52832_xxaa.axf" - 0 Error(s), 0 Warning(s).

<h2>Software Packages used:</h2>

Package Vendor: ARM
                http://www.keil.com/pack/ARM.CMSIS.4.5.0.pack
                ARM.CMSIS.4.5.0
                CMSIS (Cortex Microcontroller Software Interface Standard)
   * Component: CORE Version: 4.3.0

Package Vendor: NordicSemiconductor
                http://developer.nordicsemi.com/nRF5_SDK/pieces/nRF_DeviceFamilyPack/NordicSemiconductor.nRF_DeviceFamilyPack.8.16.0.pack
                NordicSemiconductor.nRF_DeviceFamilyPack.8.16.0
                Nordic Semiconductor nRF ARM devices Device Family Pack.
   * Component: Startup Version: 8.16.0

<h2>Collection of Component include folders:</h2>
  .\RTE\_nrf52832_xxaa
  C:\Keil_v5\ARM\PACK\ARM\CMSIS\4.5.0\CMSIS\Include
  C:\Keil_v5\ARM\PACK\NordicSemiconductor\nRF_DeviceFamilyPack\8.16.0\Device\Include

<h2>Collection of Component Files used:</h2>

   * Component: NordicSemiconductor::Device:Startup:8.16.0
      Source file:   Device\Source\arm\arm_startup_nrf52.s
      Source file:   Device\Source\system_nrf52.c
      Include file:  Device\Include\system_nrf52.h

   * Component: ARM::CMSIS:CORE:4.3.0
Build Time Elapsed:  00:00:17
</pre>
</body>
</html>
